// Jest Snapshot v1, https://goo.gl/fbAQLP

exports[`should render the loading page correctly 1`] = `
<div
  className="loading-page"
>
  <img
    className="loading-page-img"
    src="/images/loader.gif"
  />
</div>
`;
