// Jest Snapshot v1, https://goo.gl/fbAQLP

exports[`should render the not found page 1`] = `
<div>
  <h1>
    Not found 404  
  </h1>
  <Link
    to="/"
  >
    <h2>
      Go Home
    </h2>
  </Link>
</div>
`;
